[
  {
    "location": {
      "filePath": "main.bal",
      "startLine": 5,
      "endLine": 5,
      "startColumn": 4,
      "endColumn": 28,
      "startOffset": 98,
      "length": 24
    },
    "rule": {
      "id": "ballerina/log:1",
      "numericId": 1,
      "description": "Avoid logging configurable variables",
      "ruleKind": "VULNERABILITY"
    },
    "source": "BUILT_IN",
    "fileName": "rule1/main.bal",
    "filePath": "/Users/danesh/ballerina-platform/module-ballerina-log/compiler-plugin-tests/src/test/resources/static_code_analyzer/ballerina_packages/rule1/main.bal"
  },
  {
    "location": {
      "filePath": "main.bal",
      "startLine": 6,
      "endLine": 6,
      "startColumn": 4,
      "endColumn": 48,
      "startOffset": 127,
      "length": 44
    },
    "rule": {
      "id": "ballerina/log:1",
      "numericId": 1,
      "description": "Avoid logging configurable variables",
      "ruleKind": "VULNERABILITY"
    },
    "source": "BUILT_IN",
    "fileName": "rule1/main.bal",
    "filePath": "/Users/danesh/ballerina-platform/module-ballerina-log/compiler-plugin-tests/src/test/resources/static_code_analyzer/ballerina_packages/rule1/main.bal"
  },
  {
    "location": {
      "filePath": "main.bal",
      "startLine": 7,
      "endLine": 7,
      "startColumn": 4,
      "endColumn": 40,
      "startOffset": 176,
      "length": 36
    },
    "rule": {
      "id": "ballerina/log:1",
      "numericId": 1,
      "description": "Avoid logging configurable variables",
      "ruleKind": "VULNERABILITY"
    },
    "source": "BUILT_IN",
    "fileName": "rule1/main.bal",
    "filePath": "/Users/danesh/ballerina-platform/module-ballerina-log/compiler-plugin-tests/src/test/resources/static_code_analyzer/ballerina_packages/rule1/main.bal"
  },
  {
    "location": {
      "filePath": "main.bal",
      "startLine": 8,
      "endLine": 8,
      "startColumn": 4,
      "endColumn": 50,
      "startOffset": 217,
      "length": 46
    },
    "rule": {
      "id": "ballerina/log:1",
      "numericId": 1,
      "description": "Avoid logging configurable variables",
      "ruleKind": "VULNERABILITY"
    },
    "source": "BUILT_IN",
    "fileName": "rule1/main.bal",
    "filePath": "/Users/danesh/ballerina-platform/module-ballerina-log/compiler-plugin-tests/src/test/resources/static_code_analyzer/ballerina_packages/rule1/main.bal"
  },
  {
    "location": {
      "filePath": "main.bal",
      "startLine": 17,
      "endLine": 17,
      "startColumn": 8,
      "endColumn": 51,
      "startOffset": 394,
      "length": 43
    },
    "rule": {
      "id": "ballerina/log:1",
      "numericId": 1,
      "description": "Avoid logging configurable variables",
      "ruleKind": "VULNERABILITY"
    },
    "source": "BUILT_IN",
    "fileName": "rule1/main.bal",
    "filePath": "/Users/danesh/ballerina-platform/module-ballerina-log/compiler-plugin-tests/src/test/resources/static_code_analyzer/ballerina_packages/rule1/main.bal"
  }
]
